Testing fingerprint JSTR... loaded.
GOOD: P works
GOOD: G works

