Testing fingerprint NULL... loaded.
GOOD: all of A-Z reflected
