Testing fingerprint ROMA... loaded.
GOOD: I pushes 1
GOOD: V pushes 5
GOOD: X pushes 10
GOOD: L pushes 50
GOOD: C pushes 100
GOOD: D pushes 500
GOOD: M pushes 1000
